2026-09-30 02:02:42.336 +03:00 [INF] User profile is available. Using 'C:\Users\Nasser\AppData\Local\ASP.NET\DataProtection-Keys' as key repository and Windows DPAPI to encrypt keys at rest.
2026-09-30 02:02:45.695 +03:00 [ERR] An error occurred using the connection to database 'main' on server 'App_Data/library.db'.
2026-09-30 02:02:45.699 +03:00 [FTL] Seed failed
Microsoft.Data.Sqlite.SqliteException (0x80004005): SQLite Error 14: 'unable to open database file'.
   at Microsoft.Data.Sqlite.SqliteException.ThrowExceptionForRC(Int32 rc, sqlite3 db)
   at Microsoft.Data.Sqlite.SqliteConnectionInternal..ctor(SqliteConnectionStringBuilder connectionOptions, SqliteConnectionPool pool)
   at Microsoft.Data.Sqlite.SqliteConnectionPool.GetConnection()
   at Microsoft.Data.Sqlite.SqliteConnectionFactory.GetConnection(SqliteConnection outerConnection)
   at Microsoft.Data.Sqlite.SqliteConnection.Open()
   at Microsoft.EntityFrameworkCore.Storage.RelationalConnection.OpenDbConnection(Boolean errorsExpected)
   at Microsoft.EntityFrameworkCore.Storage.RelationalConnection.OpenInternal(Boolean errorsExpected)
   at Microsoft.EntityFrameworkCore.Storage.RelationalConnection.Open(Boolean errorsExpected)
   at Microsoft.EntityFrameworkCore.Sqlite.Storage.Internal.SqliteDatabaseCreator.Create()
   at Microsoft.EntityFrameworkCore.Storage.RelationalDatabaseCreator.CreateAsync(CancellationToken cancellationToken)
   at Microsoft.EntityFrameworkCore.Migrations.Internal.Migrator.MigrateAsync(String targetMigration, CancellationToken cancellationToken)
   at Library.Infrastructure.Persistence.Seed.DbSeeder.SeedAsync(IServiceProvider sp) in C:\Users\Nasser\Projects\DigitalLibrary\src\Library.Infrastructure\Persistence\Seed\DbSeeder.cs:line 28
   at Program.<Main>$(String[] args) in C:\Users\Nasser\Projects\DigitalLibrary\src\Library.API\Program.cs:line 87
2026-09-30 02:02:45.790 +03:00 [INF] Starting Digital Library API
2026-09-30 02:02:45.917 +03:00 [INF] Creating key {536074a6-7718-47f8-a6af-c17c11fe6ba2} with creation date 2026-09-29 23:02:45Z, activation date 2026-09-29 23:02:45Z, and expiration date 2026-12-28 23:02:45Z.
2026-09-30 02:02:45.984 +03:00 [INF] Writing data to file 'C:\Users\Nasser\AppData\Local\ASP.NET\DataProtection-Keys\key-536074a6-7718-47f8-a6af-c17c11fe6ba2.xml'.
2026-09-30 02:02:46.146 +03:00 [INF] Now listening on: http://localhost:5199
2026-09-30 02:02:46.150 +03:00 [INF] Application started. Press Ctrl+C to shut down.
2026-09-30 02:02:46.151 +03:00 [INF] Hosting environment: Development
2026-09-30 02:02:46.153 +03:00 [INF] Content root path: C:\Users\Nasser\Projects\DigitalLibrary\src\Library.API
2026-09-30 02:02:56.106 +03:00 [INF] Request starting HTTP/1.1 GET http://localhost:5199/ - null null
2026-09-30 02:02:56.176 +03:00 [WRN] Failed to determine the https port for redirect.
2026-09-30 02:02:56.444 +03:00 [INF] Request finished HTTP/1.1 GET http://localhost:5199/ - 404 0 null 340.6633ms
2026-09-30 02:02:56.465 +03:00 [INF] Request reached the end of the middleware pipeline without being handled by application code. Request path: GET http://localhost:5199/, Response status code: 404
2026-09-30 02:02:56.641 +03:00 [INF] Request starting HTTP/1.1 GET http://localhost:5199/favicon.ico - null null
2026-09-30 02:02:56.648 +03:00 [INF] Request finished HTTP/1.1 GET http://localhost:5199/favicon.ico - 404 0 null 7.0781ms
2026-09-30 02:02:56.654 +03:00 [INF] Request reached the end of the middleware pipeline without being handled by application code. Request path: GET http://localhost:5199/favicon.ico, Response status code: 404
2026-09-30 02:03:31.936 +03:00 [INF] Request starting HTTP/1.1 GET http://localhost:5199/ - null null
2026-09-30 02:03:31.942 +03:00 [INF] Request finished HTTP/1.1 GET http://localhost:5199/ - 404 0 null 6.7366ms
2026-09-30 02:03:31.950 +03:00 [INF] Request reached the end of the middleware pipeline without being handled by application code. Request path: GET http://localhost:5199/, Response status code: 404
2026-09-30 02:04:56.395 +03:00 [INF] Request starting HTTP/1.1 GET http://localhost:5199/swagger - null null
2026-09-30 02:04:56.414 +03:00 [INF] Request finished HTTP/1.1 GET http://localhost:5199/swagger - 301 0 null 18.7871ms
2026-09-30 02:04:56.438 +03:00 [INF] Request starting HTTP/1.1 GET http://localhost:5199/swagger/index.html - null null
2026-09-30 02:04:56.613 +03:00 [INF] Request finished HTTP/1.1 GET http://localhost:5199/swagger/index.html - 200 null text/html;charset=utf-8 175.7135ms
2026-09-30 02:04:56.651 +03:00 [INF] Request starting HTTP/1.1 GET http://localhost:5199/swagger/swagger-ui.css - null null
2026-09-30 02:04:56.667 +03:00 [INF] Request starting HTTP/1.1 GET http://localhost:5199/swagger/index.css - null null
2026-09-30 02:04:56.669 +03:00 [INF] Request starting HTTP/1.1 GET http://localhost:5199/swagger/swagger-ui-bundle.js - null null
2026-09-30 02:04:56.669 +03:00 [INF] Request starting HTTP/1.1 GET http://localhost:5199/swagger/swagger-ui-standalone-preset.js - null null
2026-09-30 02:04:56.672 +03:00 [INF] Request starting HTTP/1.1 GET http://localhost:5199/swagger/index.js - null null
2026-09-30 02:04:56.694 +03:00 [INF] Sending file. Request path: '/index.css'. Physical path: 'N/A'
2026-09-30 02:04:56.702 +03:00 [INF] Request finished HTTP/1.1 GET http://localhost:5199/swagger/index.js - 200 null application/javascript;charset=utf-8 29.9831ms
2026-09-30 02:04:56.712 +03:00 [INF] Request finished HTTP/1.1 GET http://localhost:5199/swagger/index.css - 200 202 text/css 45.3025ms
2026-09-30 02:04:56.718 +03:00 [INF] Sending file. Request path: '/swagger-ui.css'. Physical path: 'N/A'
2026-09-30 02:04:56.721 +03:00 [INF] Sending file. Request path: '/swagger-ui-standalone-preset.js'. Physical path: 'N/A'
2026-09-30 02:04:56.748 +03:00 [INF] Request finished HTTP/1.1 GET http://localhost:5199/swagger/swagger-ui.css - 200 152034 text/css 97.2549ms
2026-09-30 02:04:56.750 +03:00 [INF] Request finished HTTP/1.1 GET http://localhost:5199/swagger/swagger-ui-standalone-preset.js - 200 230293 text/javascript 81.318ms
2026-09-30 02:04:56.753 +03:00 [INF] Sending file. Request path: '/swagger-ui-bundle.js'. Physical path: 'N/A'
2026-09-30 02:04:56.782 +03:00 [INF] Request finished HTTP/1.1 GET http://localhost:5199/swagger/swagger-ui-bundle.js - 200 1452753 text/javascript 113.8271ms
2026-09-30 02:04:56.999 +03:00 [INF] Request starting HTTP/1.1 GET http://localhost:5199/swagger/v1/swagger.json - null null
2026-09-30 02:04:57.032 +03:00 [INF] Request starting HTTP/1.1 GET http://localhost:5199/swagger/favicon-32x32.png - null null
2026-09-30 02:04:57.035 +03:00 [INF] Sending file. Request path: '/favicon-32x32.png'. Physical path: 'N/A'
2026-09-30 02:04:57.040 +03:00 [INF] Request finished HTTP/1.1 GET http://localhost:5199/swagger/favicon-32x32.png - 200 628 image/png 7.4667ms
2026-09-30 02:04:57.502 +03:00 [INF] Request finished HTTP/1.1 GET http://localhost:5199/swagger/v1/swagger.json - 200 null application/json;charset=utf-8 503.1571ms
