2026-10-04 00:18:36.098 +03:00 [INF] User profile is available. Using 'C:\Users\Nasser\AppData\Local\ASP.NET\DataProtection-Keys' as key repository and Windows DPAPI to encrypt keys at rest.
2026-10-04 00:18:37.246 +03:00 [INF] Executed DbCommand (35ms) [Parameters=[], CommandType='"Text"', CommandTimeout='30']
PRAGMA journal_mode = 'wal';
2026-10-04 00:18:37.345 +03:00 [INF] Executed DbCommand (18ms) [Parameters=[], CommandType='"Text"', CommandTimeout='30']
CREATE TABLE "__EFMigrationsHistory" (
    "MigrationId" TEXT NOT NULL CONSTRAINT "PK___EFMigrationsHistory" PRIMARY KEY,
    "ProductVersion" TEXT NOT NULL
);
2026-10-04 00:18:37.361 +03:00 [INF] Executed DbCommand (2ms) [Parameters=[], CommandType='"Text"', CommandTimeout='30']
SELECT COUNT(*) FROM "sqlite_master" WHERE "name" = '__EFMigrationsHistory' AND "type" = 'table';
2026-10-04 00:18:37.370 +03:00 [INF] Executed DbCommand (1ms) [Parameters=[], CommandType='"Text"', CommandTimeout='30']
SELECT "MigrationId", "ProductVersion"
FROM "__EFMigrationsHistory"
ORDER BY "MigrationId";
2026-10-04 00:18:37.390 +03:00 [INF] Applying migration '20260929230150_InitialCreate'.
2026-10-04 00:18:37.504 +03:00 [INF] Executed DbCommand (0ms) [Parameters=[], CommandType='"Text"', CommandTimeout='30']
CREATE TABLE "AspNetRoles" (
    "Id" TEXT NOT NULL CONSTRAINT "PK_AspNetRoles" PRIMARY KEY,
    "Name" TEXT NULL,
    "NormalizedName" TEXT NULL,
    "ConcurrencyStamp" TEXT NULL
);
2026-10-04 00:18:37.507 +03:00 [INF] Executed DbCommand (0ms) [Parameters=[], CommandType='"Text"', CommandTimeout='30']
CREATE TABLE "AspNetUsers" (
    "Id" TEXT NOT NULL CONSTRAINT "PK_AspNetUsers" PRIMARY KEY,
    "FullName" TEXT NOT NULL,
    "ProfileImage" TEXT NULL,
    "Provider" INTEGER NOT NULL,
    "ExternalProviderId" TEXT NULL,
    "CreatedAt" TEXT NOT NULL,
    "UpdatedAt" TEXT NULL,
    "IsActive" INTEGER NOT NULL,
    "StorageUsed" INTEGER NOT NULL,
    "StorageLimit" INTEGER NOT NULL,
    "UserName" TEXT NULL,
    "NormalizedUserName" TEXT NULL,
    "Email" TEXT NULL,
    "NormalizedEmail" TEXT NULL,
    "EmailConfirmed" INTEGER NOT NULL,
    "PasswordHash" TEXT NULL,
    "SecurityStamp" TEXT NULL,
    "ConcurrencyStamp" TEXT NULL,
    "PhoneNumber" TEXT NULL,
    "PhoneNumberConfirmed" INTEGER NOT NULL,
    "TwoFactorEnabled" INTEGER NOT NULL,
    "LockoutEnd" TEXT NULL,
    "LockoutEnabled" INTEGER NOT NULL,
    "AccessFailedCount" INTEGER NOT NULL
);
2026-10-04 00:18:37.510 +03:00 [INF] Executed DbCommand (0ms) [Parameters=[], CommandType='"Text"', CommandTimeout='30']
CREATE TABLE "Categories" (
    "Id" TEXT NOT NULL CONSTRAINT "PK_Categories" PRIMARY KEY,
    "Name" TEXT NOT NULL,
    "Description" TEXT NULL,
    "Image" TEXT NULL,
    "IsActive" INTEGER NOT NULL,
    "CreatedAt" TEXT NOT NULL,
    "UpdatedAt" TEXT NULL
);
2026-10-04 00:18:37.513 +03:00 [INF] Executed DbCommand (0ms) [Parameters=[], CommandType='"Text"', CommandTimeout='30']
CREATE TABLE "AspNetRoleClaims" (
    "Id" INTEGER NOT NULL CONSTRAINT "PK_AspNetRoleClaims" PRIMARY KEY AUTOINCREMENT,
    "RoleId" TEXT NOT NULL,
    "ClaimType" TEXT NULL,
    "ClaimValue" TEXT NULL,
    CONSTRAINT "FK_AspNetRoleClaims_AspNetRoles_RoleId" FOREIGN KEY ("RoleId") REFERENCES "AspNetRoles" ("Id") ON DELETE CASCADE
);
2026-10-04 00:18:37.517 +03:00 [INF] Executed DbCommand (0ms) [Parameters=[], CommandType='"Text"', CommandTimeout='30']
CREATE TABLE "AspNetUserClaims" (
    "Id" INTEGER NOT NULL CONSTRAINT "PK_AspNetUserClaims" PRIMARY KEY AUTOINCREMENT,
    "UserId" TEXT NOT NULL,
    "ClaimType" TEXT NULL,
    "ClaimValue" TEXT NULL,
    CONSTRAINT "FK_AspNetUserClaims_AspNetUsers_UserId" FOREIGN KEY ("UserId") REFERENCES "AspNetUsers" ("Id") ON DELETE CASCADE
);
2026-10-04 00:18:37.520 +03:00 [INF] Executed DbCommand (0ms) [Parameters=[], CommandType='"Text"', CommandTimeout='30']
CREATE TABLE "AspNetUserLogins" (
    "LoginProvider" TEXT NOT NULL,
    "ProviderKey" TEXT NOT NULL,
    "ProviderDisplayName" TEXT NULL,
    "UserId" TEXT NOT NULL,
    CONSTRAINT "PK_AspNetUserLogins" PRIMARY KEY ("LoginProvider", "ProviderKey"),
    CONSTRAINT "FK_AspNetUserLogins_AspNetUsers_UserId" FOREIGN KEY ("UserId") REFERENCES "AspNetUsers" ("Id") ON DELETE CASCADE
);
2026-10-04 00:18:37.523 +03:00 [INF] Executed DbCommand (0ms) [Parameters=[], CommandType='"Text"', CommandTimeout='30']
CREATE TABLE "AspNetUserRoles" (
    "UserId" TEXT NOT NULL,
    "RoleId" TEXT NOT NULL,
    CONSTRAINT "PK_AspNetUserRoles" PRIMARY KEY ("UserId", "RoleId"),
    CONSTRAINT "FK_AspNetUserRoles_AspNetRoles_RoleId" FOREIGN KEY ("RoleId") REFERENCES "AspNetRoles" ("Id") ON DELETE CASCADE,
    CONSTRAINT "FK_AspNetUserRoles_AspNetUsers_UserId" FOREIGN KEY ("UserId") REFERENCES "AspNetUsers" ("Id") ON DELETE CASCADE
);
2026-10-04 00:18:37.525 +03:00 [INF] Executed DbCommand (0ms) [Parameters=[], CommandType='"Text"', CommandTimeout='30']
CREATE TABLE "AspNetUserTokens" (
    "UserId" TEXT NOT NULL,
    "LoginProvider" TEXT NOT NULL,
    "Name" TEXT NOT NULL,
    "Value" TEXT NULL,
    CONSTRAINT "PK_AspNetUserTokens" PRIMARY KEY ("UserId", "LoginProvider", "Name"),
    CONSTRAINT "FK_AspNetUserTokens_AspNetUsers_UserId" FOREIGN KEY ("UserId") REFERENCES "AspNetUsers" ("Id") ON DELETE CASCADE
);
2026-10-04 00:18:37.528 +03:00 [INF] Executed DbCommand (0ms) [Parameters=[], CommandType='"Text"', CommandTimeout='30']
CREATE TABLE "Notifications" (
    "Id" TEXT NOT NULL CONSTRAINT "PK_Notifications" PRIMARY KEY,
    "UserId" TEXT NOT NULL,
    "Title" TEXT NOT NULL,
    "Message" TEXT NOT NULL,
    "Type" INTEGER NOT NULL,
    "IsRead" INTEGER NOT NULL,
    "CreatedAt" TEXT NOT NULL,
    "ReadAt" TEXT NULL,
    "RelatedBookId" TEXT NULL,
    CONSTRAINT "FK_Notifications_AspNetUsers_UserId" FOREIGN KEY ("UserId") REFERENCES "AspNetUsers" ("Id") ON DELETE CASCADE
);
2026-10-04 00:18:37.530 +03:00 [INF] Executed DbCommand (0ms) [Parameters=[], CommandType='"Text"', CommandTimeout='30']
CREATE TABLE "RefreshTokens" (
    "Id" TEXT NOT NULL CONSTRAINT "PK_RefreshTokens" PRIMARY KEY,
    "UserId" TEXT NOT NULL,
    "Token" TEXT NOT NULL,
    "ExpiresAt" TEXT NOT NULL,
    "CreatedAt" TEXT NOT NULL,
    "RevokedAt" TEXT NULL,
    "ReplacedByToken" TEXT NULL,
    CONSTRAINT "FK_RefreshTokens_AspNetUsers_UserId" FOREIGN KEY ("UserId") REFERENCES "AspNetUsers" ("Id") ON DELETE CASCADE
);
2026-10-04 00:18:37.535 +03:00 [INF] Executed DbCommand (0ms) [Parameters=[], CommandType='"Text"', CommandTimeout='30']
CREATE TABLE "Books" (
    "Id" TEXT NOT NULL CONSTRAINT "PK_Books" PRIMARY KEY,
    "Title" TEXT NOT NULL,
    "Description" TEXT NULL,
    "Author" TEXT NOT NULL,
    "Publisher" TEXT NULL,
    "PublicationDate" TEXT NULL,
    "ISBN" TEXT NULL,
    "Language" TEXT NOT NULL,
    "CoverImage" TEXT NULL,
    "FileName" TEXT NULL,
    "FilePath" TEXT NULL,
    "FileSize" INTEGER NOT NULL,
    "Format" INTEGER NOT NULL,
    "IsPublished" INTEGER NOT NULL,
    "CreatedBy" TEXT NULL,
    "CategoryId" TEXT NOT NULL,
    "CreatedAt" TEXT NOT NULL,
    "UpdatedAt" TEXT NULL,
    CONSTRAINT "FK_Books_Categories_CategoryId" FOREIGN KEY ("CategoryId") REFERENCES "Categories" ("Id") ON DELETE RESTRICT
);
2026-10-04 00:18:37.538 +03:00 [INF] Executed DbCommand (0ms) [Parameters=[], CommandType='"Text"', CommandTimeout='30']
CREATE TABLE "Favorites" (
    "Id" TEXT NOT NULL CONSTRAINT "PK_Favorites" PRIMARY KEY,
    "UserId" TEXT NOT NULL,
    "BookId" TEXT NOT NULL,
    "CreatedAt" TEXT NOT NULL,
    CONSTRAINT "FK_Favorites_AspNetUsers_UserId" FOREIGN KEY ("UserId") REFERENCES "AspNetUsers" ("Id") ON DELETE CASCADE,
    CONSTRAINT "FK_Favorites_Books_BookId" FOREIGN KEY ("BookId") REFERENCES "Books" ("Id") ON DELETE CASCADE
);
2026-10-04 00:18:37.541 +03:00 [INF] Executed DbCommand (0ms) [Parameters=[], CommandType='"Text"', CommandTimeout='30']
CREATE TABLE "UserLibrary" (
    "Id" TEXT NOT NULL CONSTRAINT "PK_UserLibrary" PRIMARY KEY,
    "UserId" TEXT NOT NULL,
    "BookId" TEXT NOT NULL,
    "FileSize" INTEGER NOT NULL,
    "Status" INTEGER NOT NULL,
    "IsImported" INTEGER NOT NULL,
    "LocalStorageKey" TEXT NULL,
    "OriginalFileName" TEXT NULL,
    "CreatedAt" TEXT NOT NULL,
    "UpdatedAt" TEXT NULL,
    CONSTRAINT "FK_UserLibrary_AspNetUsers_UserId" FOREIGN KEY ("UserId") REFERENCES "AspNetUsers" ("Id") ON DELETE CASCADE,
    CONSTRAINT "FK_UserLibrary_Books_BookId" FOREIGN KEY ("BookId") REFERENCES "Books" ("Id") ON DELETE CASCADE
);
2026-10-04 00:18:37.544 +03:00 [INF] Executed DbCommand (1ms) [Parameters=[], CommandType='"Text"', CommandTimeout='30']
CREATE INDEX "IX_AspNetRoleClaims_RoleId" ON "AspNetRoleClaims" ("RoleId");
2026-10-04 00:18:37.547 +03:00 [INF] Executed DbCommand (0ms) [Parameters=[], CommandType='"Text"', CommandTimeout='30']
CREATE UNIQUE INDEX "RoleNameIndex" ON "AspNetRoles" ("NormalizedName");
2026-10-04 00:18:37.549 +03:00 [INF] Executed DbCommand (0ms) [Parameters=[], CommandType='"Text"', CommandTimeout='30']
CREATE INDEX "IX_AspNetUserClaims_UserId" ON "AspNetUserClaims" ("UserId");
2026-10-04 00:18:37.553 +03:00 [INF] Executed DbCommand (0ms) [Parameters=[], CommandType='"Text"', CommandTimeout='30']
CREATE INDEX "IX_AspNetUserLogins_UserId" ON "AspNetUserLogins" ("UserId");
2026-10-04 00:18:37.556 +03:00 [INF] Executed DbCommand (0ms) [Parameters=[], CommandType='"Text"', CommandTimeout='30']
CREATE INDEX "IX_AspNetUserRoles_RoleId" ON "AspNetUserRoles" ("RoleId");
2026-10-04 00:18:37.559 +03:00 [INF] Executed DbCommand (0ms) [Parameters=[], CommandType='"Text"', CommandTimeout='30']
CREATE INDEX "EmailIndex" ON "AspNetUsers" ("NormalizedEmail");
2026-10-04 00:18:37.562 +03:00 [INF] Executed DbCommand (0ms) [Parameters=[], CommandType='"Text"', CommandTimeout='30']
CREATE UNIQUE INDEX "IX_AspNetUsers_Email" ON "AspNetUsers" ("Email");
2026-10-04 00:18:37.565 +03:00 [INF] Executed DbCommand (0ms) [Parameters=[], CommandType='"Text"', CommandTimeout='30']
CREATE UNIQUE INDEX "UserNameIndex" ON "AspNetUsers" ("NormalizedUserName");
2026-10-04 00:18:37.567 +03:00 [INF] Executed DbCommand (0ms) [Parameters=[], CommandType='"Text"', CommandTimeout='30']
CREATE INDEX "IX_Books_Author" ON "Books" ("Author");
2026-10-04 00:18:37.570 +03:00 [INF] Executed DbCommand (0ms) [Parameters=[], CommandType='"Text"', CommandTimeout='30']
CREATE INDEX "IX_Books_CategoryId" ON "Books" ("CategoryId");
2026-10-04 00:18:37.572 +03:00 [INF] Executed DbCommand (0ms) [Parameters=[], CommandType='"Text"', CommandTimeout='30']
CREATE UNIQUE INDEX "IX_Books_ISBN" ON "Books" ("ISBN") WHERE [ISBN] IS NOT NULL;
2026-10-04 00:18:37.574 +03:00 [INF] Executed DbCommand (0ms) [Parameters=[], CommandType='"Text"', CommandTimeout='30']
CREATE INDEX "IX_Books_Title" ON "Books" ("Title");
2026-10-04 00:18:37.576 +03:00 [INF] Executed DbCommand (0ms) [Parameters=[], CommandType='"Text"', CommandTimeout='30']
CREATE UNIQUE INDEX "IX_Categories_Name" ON "Categories" ("Name");
2026-10-04 00:18:37.579 +03:00 [INF] Executed DbCommand (0ms) [Parameters=[], CommandType='"Text"', CommandTimeout='30']
CREATE INDEX "IX_Favorites_BookId" ON "Favorites" ("BookId");
2026-10-04 00:18:37.582 +03:00 [INF] Executed DbCommand (0ms) [Parameters=[], CommandType='"Text"', CommandTimeout='30']
CREATE UNIQUE INDEX "IX_Favorites_UserId_BookId" ON "Favorites" ("UserId", "BookId");
2026-10-04 00:18:37.584 +03:00 [INF] Executed DbCommand (0ms) [Parameters=[], CommandType='"Text"', CommandTimeout='30']
CREATE INDEX "IX_Notifications_UserId_IsRead" ON "Notifications" ("UserId", "IsRead");
2026-10-04 00:18:37.587 +03:00 [INF] Executed DbCommand (0ms) [Parameters=[], CommandType='"Text"', CommandTimeout='30']
CREATE UNIQUE INDEX "IX_RefreshTokens_Token" ON "RefreshTokens" ("Token");
2026-10-04 00:18:37.589 +03:00 [INF] Executed DbCommand (0ms) [Parameters=[], CommandType='"Text"', CommandTimeout='30']
CREATE INDEX "IX_RefreshTokens_UserId" ON "RefreshTokens" ("UserId");
2026-10-04 00:18:37.591 +03:00 [INF] Executed DbCommand (0ms) [Parameters=[], CommandType='"Text"', CommandTimeout='30']
CREATE INDEX "IX_UserLibrary_BookId" ON "UserLibrary" ("BookId");
2026-10-04 00:18:37.593 +03:00 [INF] Executed DbCommand (0ms) [Parameters=[], CommandType='"Text"', CommandTimeout='30']
CREATE UNIQUE INDEX "IX_UserLibrary_UserId_BookId" ON "UserLibrary" ("UserId", "BookId");
2026-10-04 00:18:37.595 +03:00 [INF] Executed DbCommand (0ms) [Parameters=[], CommandType='"Text"', CommandTimeout='30']
INSERT INTO "__EFMigrationsHistory" ("MigrationId", "ProductVersion")
VALUES ('20260929230150_InitialCreate', '8.0.10');
2026-10-04 00:18:37.845 +03:00 [INF] Executed DbCommand (5ms) [Parameters=[@__normalizedName_0='?' (Size = 5)], CommandType='"Text"', CommandTimeout='30']
SELECT "a"."Id", "a"."ConcurrencyStamp", "a"."Name", "a"."NormalizedName"
FROM "AspNetRoles" AS "a"
WHERE "a"."NormalizedName" = @__normalizedName_0
LIMIT 1
2026-10-04 00:18:37.853 +03:00 [INF] Executed DbCommand (0ms) [Parameters=[@__normalizedName_0='?' (Size = 5)], CommandType='"Text"', CommandTimeout='30']
SELECT "a"."Id", "a"."ConcurrencyStamp", "a"."Name", "a"."NormalizedName"
FROM "AspNetRoles" AS "a"
WHERE "a"."NormalizedName" = @__normalizedName_0
LIMIT 1
2026-10-04 00:18:37.975 +03:00 [INF] Executed DbCommand (5ms) [Parameters=[@p0='?' (DbType = Guid), @p1='?', @p2='?' (Size = 5), @p3='?' (Size = 5)], CommandType='"Text"', CommandTimeout='30']
INSERT INTO "AspNetRoles" ("Id", "ConcurrencyStamp", "Name", "NormalizedName")
VALUES (@p0, @p1, @p2, @p3);
2026-10-04 00:18:37.984 +03:00 [INF] Executed DbCommand (0ms) [Parameters=[@__normalizedName_0='?' (Size = 4)], CommandType='"Text"', CommandTimeout='30']
SELECT "a"."Id", "a"."ConcurrencyStamp", "a"."Name", "a"."NormalizedName"
FROM "AspNetRoles" AS "a"
WHERE "a"."NormalizedName" = @__normalizedName_0
LIMIT 1
2026-10-04 00:18:37.989 +03:00 [INF] Executed DbCommand (0ms) [Parameters=[@__normalizedName_0='?' (Size = 4)], CommandType='"Text"', CommandTimeout='30']
SELECT "a"."Id", "a"."ConcurrencyStamp", "a"."Name", "a"."NormalizedName"
FROM "AspNetRoles" AS "a"
WHERE "a"."NormalizedName" = @__normalizedName_0
LIMIT 1
2026-10-04 00:18:38.000 +03:00 [INF] Executed DbCommand (5ms) [Parameters=[@p0='?' (DbType = Guid), @p1='?', @p2='?' (Size = 4), @p3='?' (Size = 4)], CommandType='"Text"', CommandTimeout='30']
INSERT INTO "AspNetRoles" ("Id", "ConcurrencyStamp", "Name", "NormalizedName")
VALUES (@p0, @p1, @p2, @p3);
2026-10-04 00:18:38.014 +03:00 [INF] Executed DbCommand (0ms) [Parameters=[], CommandType='"Text"', CommandTimeout='30']
SELECT EXISTS (
    SELECT 1
    FROM "Categories" AS "c")
2026-10-04 00:18:38.060 +03:00 [INF] Executed DbCommand (0ms) [Parameters=[@p0='?' (DbType = Guid), @p1='?' (DbType = DateTime), @p2='?', @p3='?', @p4='?' (DbType = Boolean), @p5='?' (Size = 9), @p6='?' (DbType = DateTime)], CommandType='"Text"', CommandTimeout='30']
INSERT INTO "Categories" ("Id", "CreatedAt", "Description", "Image", "IsActive", "Name", "UpdatedAt")
VALUES (@p0, @p1, @p2, @p3, @p4, @p5, @p6);
2026-10-04 00:18:38.064 +03:00 [INF] Executed DbCommand (0ms) [Parameters=[@p0='?' (DbType = Guid), @p1='?' (DbType = DateTime), @p2='?', @p3='?', @p4='?' (DbType = Boolean), @p5='?' (Size = 7), @p6='?' (DbType = DateTime)], CommandType='"Text"', CommandTimeout='30']
INSERT INTO "Categories" ("Id", "CreatedAt", "Description", "Image", "IsActive", "Name", "UpdatedAt")
VALUES (@p0, @p1, @p2, @p3, @p4, @p5, @p6);
2026-10-04 00:18:38.066 +03:00 [INF] Executed DbCommand (0ms) [Parameters=[@p0='?' (DbType = Guid), @p1='?' (DbType = DateTime), @p2='?', @p3='?', @p4='?' (DbType = Boolean), @p5='?' (Size = 6), @p6='?' (DbType = DateTime)], CommandType='"Text"', CommandTimeout='30']
INSERT INTO "Categories" ("Id", "CreatedAt", "Description", "Image", "IsActive", "Name", "UpdatedAt")
VALUES (@p0, @p1, @p2, @p3, @p4, @p5, @p6);
2026-10-04 00:18:38.069 +03:00 [INF] Executed DbCommand (0ms) [Parameters=[@p0='?' (DbType = Guid), @p1='?' (DbType = DateTime), @p2='?', @p3='?', @p4='?' (DbType = Boolean), @p5='?' (Size = 8), @p6='?' (DbType = DateTime)], CommandType='"Text"', CommandTimeout='30']
INSERT INTO "Categories" ("Id", "CreatedAt", "Description", "Image", "IsActive", "Name", "UpdatedAt")
VALUES (@p0, @p1, @p2, @p3, @p4, @p5, @p6);
2026-10-04 00:18:38.072 +03:00 [INF] Executed DbCommand (0ms) [Parameters=[@p0='?' (DbType = Guid), @p1='?' (DbType = DateTime), @p2='?', @p3='?', @p4='?' (DbType = Boolean), @p5='?' (Size = 10), @p6='?' (DbType = DateTime)], CommandType='"Text"', CommandTimeout='30']
INSERT INTO "Categories" ("Id", "CreatedAt", "Description", "Image", "IsActive", "Name", "UpdatedAt")
VALUES (@p0, @p1, @p2, @p3, @p4, @p5, @p6);
2026-10-04 00:18:38.075 +03:00 [INF] Executed DbCommand (0ms) [Parameters=[@p0='?' (DbType = Guid), @p1='?' (DbType = DateTime), @p2='?', @p3='?', @p4='?' (DbType = Boolean), @p5='?' (Size = 9), @p6='?' (DbType = DateTime)], CommandType='"Text"', CommandTimeout='30']
INSERT INTO "Categories" ("Id", "CreatedAt", "Description", "Image", "IsActive", "Name", "UpdatedAt")
VALUES (@p0, @p1, @p2, @p3, @p4, @p5, @p6);
2026-10-04 00:18:38.077 +03:00 [INF] Executed DbCommand (0ms) [Parameters=[@p0='?' (DbType = Guid), @p1='?' (DbType = DateTime), @p2='?', @p3='?', @p4='?' (DbType = Boolean), @p5='?' (Size = 11), @p6='?' (DbType = DateTime)], CommandType='"Text"', CommandTimeout='30']
INSERT INTO "Categories" ("Id", "CreatedAt", "Description", "Image", "IsActive", "Name", "UpdatedAt")
VALUES (@p0, @p1, @p2, @p3, @p4, @p5, @p6);
2026-10-04 00:18:38.082 +03:00 [INF] Executed DbCommand (0ms) [Parameters=[@p0='?' (DbType = Guid), @p1='?' (DbType = DateTime), @p2='?', @p3='?', @p4='?' (DbType = Boolean), @p5='?' (Size = 6), @p6='?' (DbType = DateTime)], CommandType='"Text"', CommandTimeout='30']
INSERT INTO "Categories" ("Id", "CreatedAt", "Description", "Image", "IsActive", "Name", "UpdatedAt")
VALUES (@p0, @p1, @p2, @p3, @p4, @p5, @p6);
2026-10-04 00:18:38.086 +03:00 [INF] Executed DbCommand (0ms) [Parameters=[@p0='?' (DbType = Guid), @p1='?' (DbType = DateTime), @p2='?', @p3='?', @p4='?' (DbType = Boolean), @p5='?' (Size = 16), @p6='?' (DbType = DateTime)], CommandType='"Text"', CommandTimeout='30']
INSERT INTO "Categories" ("Id", "CreatedAt", "Description", "Image", "IsActive", "Name", "UpdatedAt")
VALUES (@p0, @p1, @p2, @p3, @p4, @p5, @p6);
2026-10-04 00:18:38.089 +03:00 [INF] Executed DbCommand (0ms) [Parameters=[@p0='?' (DbType = Guid), @p1='?' (DbType = DateTime), @p2='?', @p3='?', @p4='?' (DbType = Boolean), @p5='?' (Size = 11), @p6='?' (DbType = DateTime)], CommandType='"Text"', CommandTimeout='30']
INSERT INTO "Categories" ("Id", "CreatedAt", "Description", "Image", "IsActive", "Name", "UpdatedAt")
VALUES (@p0, @p1, @p2, @p3, @p4, @p5, @p6);
2026-10-04 00:18:38.092 +03:00 [INF] Executed DbCommand (0ms) [Parameters=[@p0='?' (DbType = Guid), @p1='?' (DbType = DateTime), @p2='?', @p3='?', @p4='?' (DbType = Boolean), @p5='?' (Size = 10), @p6='?' (DbType = DateTime)], CommandType='"Text"', CommandTimeout='30']
INSERT INTO "Categories" ("Id", "CreatedAt", "Description", "Image", "IsActive", "Name", "UpdatedAt")
VALUES (@p0, @p1, @p2, @p3, @p4, @p5, @p6);
2026-10-04 00:18:38.095 +03:00 [INF] Executed DbCommand (0ms) [Parameters=[@p0='?' (DbType = Guid), @p1='?' (DbType = DateTime), @p2='?', @p3='?', @p4='?' (DbType = Boolean), @p5='?' (Size = 10), @p6='?' (DbType = DateTime)], CommandType='"Text"', CommandTimeout='30']
INSERT INTO "Categories" ("Id", "CreatedAt", "Description", "Image", "IsActive", "Name", "UpdatedAt")
VALUES (@p0, @p1, @p2, @p3, @p4, @p5, @p6);
2026-10-04 00:18:38.098 +03:00 [INF] Executed DbCommand (0ms) [Parameters=[@p0='?' (DbType = Guid), @p1='?' (DbType = DateTime), @p2='?', @p3='?', @p4='?' (DbType = Boolean), @p5='?' (Size = 8), @p6='?' (DbType = DateTime)], CommandType='"Text"', CommandTimeout='30']
INSERT INTO "Categories" ("Id", "CreatedAt", "Description", "Image", "IsActive", "Name", "UpdatedAt")
VALUES (@p0, @p1, @p2, @p3, @p4, @p5, @p6);
2026-10-04 00:18:38.101 +03:00 [INF] Executed DbCommand (0ms) [Parameters=[@p0='?' (DbType = Guid), @p1='?' (DbType = DateTime), @p2='?', @p3='?', @p4='?' (DbType = Boolean), @p5='?' (Size = 7), @p6='?' (DbType = DateTime)], CommandType='"Text"', CommandTimeout='30']
INSERT INTO "Categories" ("Id", "CreatedAt", "Description", "Image", "IsActive", "Name", "UpdatedAt")
VALUES (@p0, @p1, @p2, @p3, @p4, @p5, @p6);
2026-10-04 00:18:38.105 +03:00 [INF] Executed DbCommand (0ms) [Parameters=[@p0='?' (DbType = Guid), @p1='?' (DbType = DateTime), @p2='?', @p3='?', @p4='?' (DbType = Boolean), @p5='?' (Size = 6), @p6='?' (DbType = DateTime)], CommandType='"Text"', CommandTimeout='30']
INSERT INTO "Categories" ("Id", "CreatedAt", "Description", "Image", "IsActive", "Name", "UpdatedAt")
VALUES (@p0, @p1, @p2, @p3, @p4, @p5, @p6);
2026-10-04 00:18:38.108 +03:00 [INF] Executed DbCommand (0ms) [Parameters=[@p0='?' (DbType = Guid), @p1='?' (DbType = DateTime), @p2='?', @p3='?', @p4='?' (DbType = Boolean), @p5='?' (Size = 8), @p6='?' (DbType = DateTime)], CommandType='"Text"', CommandTimeout='30']
INSERT INTO "Categories" ("Id", "CreatedAt", "Description", "Image", "IsActive", "Name", "UpdatedAt")
VALUES (@p0, @p1, @p2, @p3, @p4, @p5, @p6);
2026-10-04 00:18:38.110 +03:00 [INF] Executed DbCommand (0ms) [Parameters=[@p0='?' (DbType = Guid), @p1='?' (DbType = DateTime), @p2='?', @p3='?', @p4='?' (DbType = Boolean), @p5='?' (Size = 7), @p6='?' (DbType = DateTime)], CommandType='"Text"', CommandTimeout='30']
INSERT INTO "Categories" ("Id", "CreatedAt", "Description", "Image", "IsActive", "Name", "UpdatedAt")
VALUES (@p0, @p1, @p2, @p3, @p4, @p5, @p6);
2026-10-04 00:18:38.120 +03:00 [INF] Seeded 17 categories
2026-10-04 00:18:38.130 +03:00 [INF] Executed DbCommand (0ms) [Parameters=[@__normalizedEmail_0='?' (Size = 19)], CommandType='"Text"', CommandTimeout='30']
SELECT "a"."Id", "a"."AccessFailedCount", "a"."ConcurrencyStamp", "a"."CreatedAt", "a"."Email", "a"."EmailConfirmed", "a"."ExternalProviderId", "a"."FullName", "a"."IsActive", "a"."LockoutEnabled", "a"."LockoutEnd", "a"."NormalizedEmail", "a"."NormalizedUserName", "a"."PasswordHash", "a"."PhoneNumber", "a"."PhoneNumberConfirmed", "a"."ProfileImage", "a"."Provider", "a"."SecurityStamp", "a"."StorageLimit", "a"."StorageUsed", "a"."TwoFactorEnabled", "a"."UpdatedAt", "a"."UserName"
FROM "AspNetUsers" AS "a"
WHERE "a"."NormalizedEmail" = @__normalizedEmail_0
LIMIT 2
2026-10-04 00:18:38.232 +03:00 [INF] Executed DbCommand (0ms) [Parameters=[@__normalizedUserName_0='?' (Size = 19)], CommandType='"Text"', CommandTimeout='30']
SELECT "a"."Id", "a"."AccessFailedCount", "a"."ConcurrencyStamp", "a"."CreatedAt", "a"."Email", "a"."EmailConfirmed", "a"."ExternalProviderId", "a"."FullName", "a"."IsActive", "a"."LockoutEnabled", "a"."LockoutEnd", "a"."NormalizedEmail", "a"."NormalizedUserName", "a"."PasswordHash", "a"."PhoneNumber", "a"."PhoneNumberConfirmed", "a"."ProfileImage", "a"."Provider", "a"."SecurityStamp", "a"."StorageLimit", "a"."StorageUsed", "a"."TwoFactorEnabled", "a"."UpdatedAt", "a"."UserName"
FROM "AspNetUsers" AS "a"
WHERE "a"."NormalizedUserName" = @__normalizedUserName_0
LIMIT 1
2026-10-04 00:18:38.239 +03:00 [INF] Executed DbCommand (0ms) [Parameters=[@__normalizedEmail_0='?' (Size = 19)], CommandType='"Text"', CommandTimeout='30']
SELECT "a"."Id", "a"."AccessFailedCount", "a"."ConcurrencyStamp", "a"."CreatedAt", "a"."Email", "a"."EmailConfirmed", "a"."ExternalProviderId", "a"."FullName", "a"."IsActive", "a"."LockoutEnabled", "a"."LockoutEnd", "a"."NormalizedEmail", "a"."NormalizedUserName", "a"."PasswordHash", "a"."PhoneNumber", "a"."PhoneNumberConfirmed", "a"."ProfileImage", "a"."Provider", "a"."SecurityStamp", "a"."StorageLimit", "a"."StorageUsed", "a"."TwoFactorEnabled", "a"."UpdatedAt", "a"."UserName"
FROM "AspNetUsers" AS "a"
WHERE "a"."NormalizedEmail" = @__normalizedEmail_0
LIMIT 2
2026-10-04 00:18:38.351 +03:00 [INF] Executed DbCommand (5ms) [Parameters=[@p0='?' (DbType = Guid), @p1='?' (DbType = Int32), @p2='?' (Size = 36), @p3='?' (DbType = DateTime), @p4='?' (Size = 19), @p5='?' (DbType = Boolean), @p6='?', @p7='?' (Size = 20), @p8='?' (DbType = Boolean), @p9='?' (DbType = Boolean), @p10='?' (DbType = DateTimeOffset), @p11='?' (Size = 19), @p12='?' (Size = 19), @p13='?' (Size = 84), @p14='?', @p15='?' (DbType = Boolean), @p16='?', @p17='?' (DbType = Int32), @p18='?' (Size = 32), @p19='?' (DbType = Int64), @p20='?' (DbType = Int64), @p21='?' (DbType = Boolean), @p22='?' (DbType = DateTime), @p23='?' (Size = 19)], CommandType='"Text"', CommandTimeout='30']
INSERT INTO "AspNetUsers" ("Id", "AccessFailedCount", "ConcurrencyStamp", "CreatedAt", "Email", "EmailConfirmed", "ExternalProviderId", "FullName", "IsActive", "LockoutEnabled", "LockoutEnd", "NormalizedEmail", "NormalizedUserName", "PasswordHash", "PhoneNumber", "PhoneNumberConfirmed", "ProfileImage", "Provider", "SecurityStamp", "StorageLimit", "StorageUsed", "TwoFactorEnabled", "UpdatedAt", "UserName")
VALUES (@p0, @p1, @p2, @p3, @p4, @p5, @p6, @p7, @p8, @p9, @p10, @p11, @p12, @p13, @p14, @p15, @p16, @p17, @p18, @p19, @p20, @p21, @p22, @p23);
2026-10-04 00:18:38.370 +03:00 [INF] Executed DbCommand (0ms) [Parameters=[@__normalizedRoleName_0='?' (Size = 5)], CommandType='"Text"', CommandTimeout='30']
SELECT "a"."Id", "a"."ConcurrencyStamp", "a"."Name", "a"."NormalizedName"
FROM "AspNetRoles" AS "a"
WHERE "a"."NormalizedName" = @__normalizedRoleName_0
LIMIT 2
2026-10-04 00:18:38.408 +03:00 [INF] Executed DbCommand (0ms) [Parameters=[@__get_Item_0='?' (DbType = Guid), @__get_Item_1='?' (DbType = Guid)], CommandType='"Text"', CommandTimeout='30']
SELECT "a"."UserId", "a"."RoleId"
FROM "AspNetUserRoles" AS "a"
WHERE "a"."UserId" = @__get_Item_0 AND "a"."RoleId" = @__get_Item_1
LIMIT 1
2026-10-04 00:18:38.412 +03:00 [INF] Executed DbCommand (0ms) [Parameters=[@__normalizedRoleName_0='?' (Size = 5)], CommandType='"Text"', CommandTimeout='30']
SELECT "a"."Id", "a"."ConcurrencyStamp", "a"."Name", "a"."NormalizedName"
FROM "AspNetRoles" AS "a"
WHERE "a"."NormalizedName" = @__normalizedRoleName_0
LIMIT 2
2026-10-04 00:18:38.426 +03:00 [INF] Executed DbCommand (0ms) [Parameters=[@__normalizedUserName_0='?' (Size = 19)], CommandType='"Text"', CommandTimeout='30']
SELECT "a"."Id", "a"."AccessFailedCount", "a"."ConcurrencyStamp", "a"."CreatedAt", "a"."Email", "a"."EmailConfirmed", "a"."ExternalProviderId", "a"."FullName", "a"."IsActive", "a"."LockoutEnabled", "a"."LockoutEnd", "a"."NormalizedEmail", "a"."NormalizedUserName", "a"."PasswordHash", "a"."PhoneNumber", "a"."PhoneNumberConfirmed", "a"."ProfileImage", "a"."Provider", "a"."SecurityStamp", "a"."StorageLimit", "a"."StorageUsed", "a"."TwoFactorEnabled", "a"."UpdatedAt", "a"."UserName"
FROM "AspNetUsers" AS "a"
WHERE "a"."NormalizedUserName" = @__normalizedUserName_0
LIMIT 1
2026-10-04 00:18:38.430 +03:00 [INF] Executed DbCommand (0ms) [Parameters=[@__normalizedEmail_0='?' (Size = 19)], CommandType='"Text"', CommandTimeout='30']
SELECT "a"."Id", "a"."AccessFailedCount", "a"."ConcurrencyStamp", "a"."CreatedAt", "a"."Email", "a"."EmailConfirmed", "a"."ExternalProviderId", "a"."FullName", "a"."IsActive", "a"."LockoutEnabled", "a"."LockoutEnd", "a"."NormalizedEmail", "a"."NormalizedUserName", "a"."PasswordHash", "a"."PhoneNumber", "a"."PhoneNumberConfirmed", "a"."ProfileImage", "a"."Provider", "a"."SecurityStamp", "a"."StorageLimit", "a"."StorageUsed", "a"."TwoFactorEnabled", "a"."UpdatedAt", "a"."UserName"
FROM "AspNetUsers" AS "a"
WHERE "a"."NormalizedEmail" = @__normalizedEmail_0
LIMIT 2
2026-10-04 00:18:38.446 +03:00 [INF] Executed DbCommand (0ms) [Parameters=[@p0='?' (DbType = Guid), @p1='?' (DbType = Guid)], CommandType='"Text"', CommandTimeout='30']
INSERT INTO "AspNetUserRoles" ("RoleId", "UserId")
VALUES (@p0, @p1);
2026-10-04 00:18:38.451 +03:00 [INF] Executed DbCommand (0ms) [Parameters=[@p23='?' (DbType = Guid), @p0='?' (DbType = Int32), @p1='?' (Size = 36), @p24='?' (Size = 36), @p2='?' (DbType = DateTime), @p3='?' (Size = 19), @p4='?' (DbType = Boolean), @p5='?', @p6='?' (Size = 20), @p7='?' (DbType = Boolean), @p8='?' (DbType = Boolean), @p9='?' (DbType = DateTimeOffset), @p10='?' (Size = 19), @p11='?' (Size = 19), @p12='?' (Size = 84), @p13='?', @p14='?' (DbType = Boolean), @p15='?', @p16='?' (DbType = Int32), @p17='?' (Size = 32), @p18='?' (DbType = Int64), @p19='?' (DbType = Int64), @p20='?' (DbType = Boolean), @p21='?' (DbType = DateTime), @p22='?' (Size = 19)], CommandType='"Text"', CommandTimeout='30']
UPDATE "AspNetUsers" SET "AccessFailedCount" = @p0, "ConcurrencyStamp" = @p1, "CreatedAt" = @p2, "Email" = @p3, "EmailConfirmed" = @p4, "ExternalProviderId" = @p5, "FullName" = @p6, "IsActive" = @p7, "LockoutEnabled" = @p8, "LockoutEnd" = @p9, "NormalizedEmail" = @p10, "NormalizedUserName" = @p11, "PasswordHash" = @p12, "PhoneNumber" = @p13, "PhoneNumberConfirmed" = @p14, "ProfileImage" = @p15, "Provider" = @p16, "SecurityStamp" = @p17, "StorageLimit" = @p18, "StorageUsed" = @p19, "TwoFactorEnabled" = @p20, "UpdatedAt" = @p21, "UserName" = @p22
WHERE "Id" = @p23 AND "ConcurrencyStamp" = @p24
RETURNING 1;
2026-10-04 00:18:38.462 +03:00 [INF] Starting Digital Library API
2026-10-04 00:18:38.583 +03:00 [INF] Now listening on: http://localhost:5199
2026-10-04 00:18:38.585 +03:00 [INF] Application started. Press Ctrl+C to shut down.
2026-10-04 00:18:38.586 +03:00 [INF] Hosting environment: Development
2026-10-04 00:18:38.587 +03:00 [INF] Content root path: C:\Users\Nasser\Projects\DigitalLibrary\src\Library.API
2026-10-04 00:18:55.223 +03:00 [INF] Request starting HTTP/1.1 GET http://localhost:5199/ - null null
2026-10-04 00:18:55.267 +03:00 [WRN] Failed to determine the https port for redirect.
2026-10-04 00:18:55.339 +03:00 [INF] Request finished HTTP/1.1 GET http://localhost:5199/ - 404 0 null 119.9682ms
2026-10-04 00:18:55.347 +03:00 [INF] Request reached the end of the middleware pipeline without being handled by application code. Request path: GET http://localhost:5199/, Response status code: 404
2026-10-04 00:19:54.337 +03:00 [INF] Request starting HTTP/1.1 GET http://localhost:5199/swagger/index.html - null null
2026-10-04 00:19:54.467 +03:00 [INF] Request finished HTTP/1.1 GET http://localhost:5199/swagger/index.html - 200 null text/html;charset=utf-8 130.4133ms
2026-10-04 00:19:54.511 +03:00 [INF] Request starting HTTP/1.1 GET http://localhost:5199/swagger/index.js - null null
2026-10-04 00:19:54.516 +03:00 [INF] Request finished HTTP/1.1 GET http://localhost:5199/swagger/index.js - 200 null application/javascript;charset=utf-8 5.465ms
2026-10-04 00:19:54.728 +03:00 [INF] Request starting HTTP/1.1 GET http://localhost:5199/swagger/v1/swagger.json - null null
2026-10-04 00:19:54.915 +03:00 [INF] Request finished HTTP/1.1 GET http://localhost:5199/swagger/v1/swagger.json - 200 null application/json;charset=utf-8 186.7902ms
2026-10-04 00:23:21.773 +03:00 [INF] Request starting HTTP/1.1 POST http://localhost:5199/api/auth/register - application/json 87
2026-10-04 00:23:21.800 +03:00 [INF] CORS policy execution failed.
2026-10-04 00:23:21.802 +03:00 [INF] Request origin http://localhost:5199 does not have permission to access the resource.
2026-10-04 00:23:21.806 +03:00 [INF] Executing endpoint 'Library.API.Controllers.AuthController.Register (Library.API)'
2026-10-04 00:23:21.832 +03:00 [INF] Route matched with {action = "Register", controller = "Auth"}. Executing controller action with signature System.Threading.Tasks.Task`1[Microsoft.AspNetCore.Mvc.ActionResult`1[Library.Application.Common.ApiResponse`1[Library.Application.DTOs.Auth.AuthResponse]]] Register(Library.Application.DTOs.Auth.RegisterRequest, System.Threading.CancellationToken) on controller Library.API.Controllers.AuthController (Library.API).
2026-10-04 00:23:21.930 +03:00 [INF] Executed DbCommand (0ms) [Parameters=[@__normalizedEmail_0='?' (Size = 14)], CommandType='"Text"', CommandTimeout='30']
SELECT "a"."Id", "a"."AccessFailedCount", "a"."ConcurrencyStamp", "a"."CreatedAt", "a"."Email", "a"."EmailConfirmed", "a"."ExternalProviderId", "a"."FullName", "a"."IsActive", "a"."LockoutEnabled", "a"."LockoutEnd", "a"."NormalizedEmail", "a"."NormalizedUserName", "a"."PasswordHash", "a"."PhoneNumber", "a"."PhoneNumberConfirmed", "a"."ProfileImage", "a"."Provider", "a"."SecurityStamp", "a"."StorageLimit", "a"."StorageUsed", "a"."TwoFactorEnabled", "a"."UpdatedAt", "a"."UserName"
FROM "AspNetUsers" AS "a"
WHERE "a"."NormalizedEmail" = @__normalizedEmail_0
LIMIT 2
2026-10-04 00:23:22.013 +03:00 [INF] Executed DbCommand (0ms) [Parameters=[@__normalizedUserName_0='?' (Size = 14)], CommandType='"Text"', CommandTimeout='30']
SELECT "a"."Id", "a"."AccessFailedCount", "a"."ConcurrencyStamp", "a"."CreatedAt", "a"."Email", "a"."EmailConfirmed", "a"."ExternalProviderId", "a"."FullName", "a"."IsActive", "a"."LockoutEnabled", "a"."LockoutEnd", "a"."NormalizedEmail", "a"."NormalizedUserName", "a"."PasswordHash", "a"."PhoneNumber", "a"."PhoneNumberConfirmed", "a"."ProfileImage", "a"."Provider", "a"."SecurityStamp", "a"."StorageLimit", "a"."StorageUsed", "a"."TwoFactorEnabled", "a"."UpdatedAt", "a"."UserName"
FROM "AspNetUsers" AS "a"
WHERE "a"."NormalizedUserName" = @__normalizedUserName_0
LIMIT 1
2026-10-04 00:23:22.018 +03:00 [INF] Executed DbCommand (0ms) [Parameters=[@__normalizedEmail_0='?' (Size = 14)], CommandType='"Text"', CommandTimeout='30']
SELECT "a"."Id", "a"."AccessFailedCount", "a"."ConcurrencyStamp", "a"."CreatedAt", "a"."Email", "a"."EmailConfirmed", "a"."ExternalProviderId", "a"."FullName", "a"."IsActive", "a"."LockoutEnabled", "a"."LockoutEnd", "a"."NormalizedEmail", "a"."NormalizedUserName", "a"."PasswordHash", "a"."PhoneNumber", "a"."PhoneNumberConfirmed", "a"."ProfileImage", "a"."Provider", "a"."SecurityStamp", "a"."StorageLimit", "a"."StorageUsed", "a"."TwoFactorEnabled", "a"."UpdatedAt", "a"."UserName"
FROM "AspNetUsers" AS "a"
WHERE "a"."NormalizedEmail" = @__normalizedEmail_0
LIMIT 2
2026-10-04 00:23:22.026 +03:00 [INF] Executed DbCommand (4ms) [Parameters=[@p0='?' (DbType = Guid), @p1='?' (DbType = Int32), @p2='?' (Size = 36), @p3='?' (DbType = DateTime), @p4='?' (Size = 14), @p5='?' (DbType = Boolean), @p6='?', @p7='?' (Size = 10), @p8='?' (DbType = Boolean), @p9='?' (DbType = Boolean), @p10='?' (DbType = DateTimeOffset), @p11='?' (Size = 14), @p12='?' (Size = 14), @p13='?' (Size = 84), @p14='?', @p15='?' (DbType = Boolean), @p16='?', @p17='?' (DbType = Int32), @p18='?' (Size = 32), @p19='?' (DbType = Int64), @p20='?' (DbType = Int64), @p21='?' (DbType = Boolean), @p22='?' (DbType = DateTime), @p23='?' (Size = 14)], CommandType='"Text"', CommandTimeout='30']
INSERT INTO "AspNetUsers" ("Id", "AccessFailedCount", "ConcurrencyStamp", "CreatedAt", "Email", "EmailConfirmed", "ExternalProviderId", "FullName", "IsActive", "LockoutEnabled", "LockoutEnd", "NormalizedEmail", "NormalizedUserName", "PasswordHash", "PhoneNumber", "PhoneNumberConfirmed", "ProfileImage", "Provider", "SecurityStamp", "StorageLimit", "StorageUsed", "TwoFactorEnabled", "UpdatedAt", "UserName")
VALUES (@p0, @p1, @p2, @p3, @p4, @p5, @p6, @p7, @p8, @p9, @p10, @p11, @p12, @p13, @p14, @p15, @p16, @p17, @p18, @p19, @p20, @p21, @p22, @p23);
2026-10-04 00:23:22.033 +03:00 [INF] Executed DbCommand (0ms) [Parameters=[@__normalizedRoleName_0='?' (Size = 4)], CommandType='"Text"', CommandTimeout='30']
SELECT "a"."Id", "a"."ConcurrencyStamp", "a"."Name", "a"."NormalizedName"
FROM "AspNetRoles" AS "a"
WHERE "a"."NormalizedName" = @__normalizedRoleName_0
LIMIT 2
2026-10-04 00:23:22.037 +03:00 [INF] Executed DbCommand (0ms) [Parameters=[@__get_Item_0='?' (DbType = Guid), @__get_Item_1='?' (DbType = Guid)], CommandType='"Text"', CommandTimeout='30']
SELECT "a"."UserId", "a"."RoleId"
FROM "AspNetUserRoles" AS "a"
WHERE "a"."UserId" = @__get_Item_0 AND "a"."RoleId" = @__get_Item_1
LIMIT 1
2026-10-04 00:23:22.040 +03:00 [INF] Executed DbCommand (0ms) [Parameters=[@__normalizedRoleName_0='?' (Size = 4)], CommandType='"Text"', CommandTimeout='30']
SELECT "a"."Id", "a"."ConcurrencyStamp", "a"."Name", "a"."NormalizedName"
FROM "AspNetRoles" AS "a"
WHERE "a"."NormalizedName" = @__normalizedRoleName_0
LIMIT 2
2026-10-04 00:23:22.043 +03:00 [INF] Executed DbCommand (0ms) [Parameters=[@__normalizedUserName_0='?' (Size = 14)], CommandType='"Text"', CommandTimeout='30']
SELECT "a"."Id", "a"."AccessFailedCount", "a"."ConcurrencyStamp", "a"."CreatedAt", "a"."Email", "a"."EmailConfirmed", "a"."ExternalProviderId", "a"."FullName", "a"."IsActive", "a"."LockoutEnabled", "a"."LockoutEnd", "a"."NormalizedEmail", "a"."NormalizedUserName", "a"."PasswordHash", "a"."PhoneNumber", "a"."PhoneNumberConfirmed", "a"."ProfileImage", "a"."Provider", "a"."SecurityStamp", "a"."StorageLimit", "a"."StorageUsed", "a"."TwoFactorEnabled", "a"."UpdatedAt", "a"."UserName"
FROM "AspNetUsers" AS "a"
WHERE "a"."NormalizedUserName" = @__normalizedUserName_0
LIMIT 1
2026-10-04 00:23:22.046 +03:00 [INF] Executed DbCommand (0ms) [Parameters=[@__normalizedEmail_0='?' (Size = 14)], CommandType='"Text"', CommandTimeout='30']
SELECT "a"."Id", "a"."AccessFailedCount", "a"."ConcurrencyStamp", "a"."CreatedAt", "a"."Email", "a"."EmailConfirmed", "a"."ExternalProviderId", "a"."FullName", "a"."IsActive", "a"."LockoutEnabled", "a"."LockoutEnd", "a"."NormalizedEmail", "a"."NormalizedUserName", "a"."PasswordHash", "a"."PhoneNumber", "a"."PhoneNumberConfirmed", "a"."ProfileImage", "a"."Provider", "a"."SecurityStamp", "a"."StorageLimit", "a"."StorageUsed", "a"."TwoFactorEnabled", "a"."UpdatedAt", "a"."UserName"
FROM "AspNetUsers" AS "a"
WHERE "a"."NormalizedEmail" = @__normalizedEmail_0
LIMIT 2
2026-10-04 00:23:22.049 +03:00 [INF] Executed DbCommand (0ms) [Parameters=[@p0='?' (DbType = Guid), @p1='?' (DbType = Guid)], CommandType='"Text"', CommandTimeout='30']
INSERT INTO "AspNetUserRoles" ("RoleId", "UserId")
VALUES (@p0, @p1);
2026-10-04 00:23:22.051 +03:00 [INF] Executed DbCommand (0ms) [Parameters=[@p23='?' (DbType = Guid), @p0='?' (DbType = Int32), @p1='?' (Size = 36), @p24='?' (Size = 36), @p2='?' (DbType = DateTime), @p3='?' (Size = 14), @p4='?' (DbType = Boolean), @p5='?', @p6='?' (Size = 10), @p7='?' (DbType = Boolean), @p8='?' (DbType = Boolean), @p9='?' (DbType = DateTimeOffset), @p10='?' (Size = 14), @p11='?' (Size = 14), @p12='?' (Size = 84), @p13='?', @p14='?' (DbType = Boolean), @p15='?', @p16='?' (DbType = Int32), @p17='?' (Size = 32), @p18='?' (DbType = Int64), @p19='?' (DbType = Int64), @p20='?' (DbType = Boolean), @p21='?' (DbType = DateTime), @p22='?' (Size = 14)], CommandType='"Text"', CommandTimeout='30']
UPDATE "AspNetUsers" SET "AccessFailedCount" = @p0, "ConcurrencyStamp" = @p1, "CreatedAt" = @p2, "Email" = @p3, "EmailConfirmed" = @p4, "ExternalProviderId" = @p5, "FullName" = @p6, "IsActive" = @p7, "LockoutEnabled" = @p8, "LockoutEnd" = @p9, "NormalizedEmail" = @p10, "NormalizedUserName" = @p11, "PasswordHash" = @p12, "PhoneNumber" = @p13, "PhoneNumberConfirmed" = @p14, "ProfileImage" = @p15, "Provider" = @p16, "SecurityStamp" = @p17, "StorageLimit" = @p18, "StorageUsed" = @p19, "TwoFactorEnabled" = @p20, "UpdatedAt" = @p21, "UserName" = @p22
WHERE "Id" = @p23 AND "ConcurrencyStamp" = @p24
RETURNING 1;
2026-10-04 00:23:22.058 +03:00 [INF] User registered: ahmed@test.com
2026-10-04 00:23:22.093 +03:00 [INF] Executed DbCommand (0ms) [Parameters=[@__userId_0='?' (DbType = Guid)], CommandType='"Text"', CommandTimeout='30']
SELECT "a0"."Name"
FROM "AspNetUserRoles" AS "a"
INNER JOIN "AspNetRoles" AS "a0" ON "a"."RoleId" = "a0"."Id"
WHERE "a"."UserId" = @__userId_0
2026-10-04 00:23:22.164 +03:00 [INF] Executed DbCommand (5ms) [Parameters=[@p0='?' (DbType = Guid), @p1='?' (DbType = DateTime), @p2='?' (DbType = DateTime), @p3='?', @p4='?' (DbType = DateTime), @p5='?' (Size = 88), @p6='?' (DbType = Guid)], CommandType='"Text"', CommandTimeout='30']
INSERT INTO "RefreshTokens" ("Id", "CreatedAt", "ExpiresAt", "ReplacedByToken", "RevokedAt", "Token", "UserId")
VALUES (@p0, @p1, @p2, @p3, @p4, @p5, @p6);
2026-10-04 00:23:22.170 +03:00 [INF] Executed DbCommand (0ms) [Parameters=[@__userId_0='?' (DbType = Guid)], CommandType='"Text"', CommandTimeout='30']
SELECT "a0"."Name"
FROM "AspNetUserRoles" AS "a"
INNER JOIN "AspNetRoles" AS "a0" ON "a"."RoleId" = "a0"."Id"
WHERE "a"."UserId" = @__userId_0
2026-10-04 00:23:22.176 +03:00 [INF] Executing OkObjectResult, writing value of type 'Library.Application.Common.ApiResponse`1[[Library.Application.DTOs.Auth.AuthResponse, Library.Application, Version=1.0.0.0, Culture=neutral, PublicKeyToken=null]]'.
2026-10-04 00:23:22.204 +03:00 [INF] Executed action Library.API.Controllers.AuthController.Register (Library.API) in 363.9921ms
2026-10-04 00:23:22.207 +03:00 [INF] Executed endpoint 'Library.API.Controllers.AuthController.Register (Library.API)'
2026-10-04 00:23:22.211 +03:00 [INF] Request finished HTTP/1.1 POST http://localhost:5199/api/auth/register - 200 null application/json; charset=utf-8 437.8959ms
2026-10-04 00:25:20.228 +03:00 [INF] Request starting HTTP/1.1 POST http://localhost:5199/api/auth/login - application/json 59
2026-10-04 00:25:20.234 +03:00 [INF] CORS policy execution failed.
2026-10-04 00:25:20.236 +03:00 [INF] Request origin http://localhost:5199 does not have permission to access the resource.
2026-10-04 00:25:20.249 +03:00 [INF] Executing endpoint 'Library.API.Controllers.AuthController.Login (Library.API)'
2026-10-04 00:25:20.260 +03:00 [INF] Route matched with {action = "Login", controller = "Auth"}. Executing controller action with signature System.Threading.Tasks.Task`1[Microsoft.AspNetCore.Mvc.ActionResult`1[Library.Application.Common.ApiResponse`1[Library.Application.DTOs.Auth.AuthResponse]]] Login(Library.Application.DTOs.Auth.LoginRequest, System.Threading.CancellationToken) on controller Library.API.Controllers.AuthController (Library.API).
2026-10-04 00:25:20.322 +03:00 [INF] Executed DbCommand (0ms) [Parameters=[@__normalizedEmail_0='?' (Size = 14)], CommandType='"Text"', CommandTimeout='30']
SELECT "a"."Id", "a"."AccessFailedCount", "a"."ConcurrencyStamp", "a"."CreatedAt", "a"."Email", "a"."EmailConfirmed", "a"."ExternalProviderId", "a"."FullName", "a"."IsActive", "a"."LockoutEnabled", "a"."LockoutEnd", "a"."NormalizedEmail", "a"."NormalizedUserName", "a"."PasswordHash", "a"."PhoneNumber", "a"."PhoneNumberConfirmed", "a"."ProfileImage", "a"."Provider", "a"."SecurityStamp", "a"."StorageLimit", "a"."StorageUsed", "a"."TwoFactorEnabled", "a"."UpdatedAt", "a"."UserName"
FROM "AspNetUsers" AS "a"
WHERE "a"."NormalizedEmail" = @__normalizedEmail_0
LIMIT 2
2026-10-04 00:25:20.408 +03:00 [INF] User login: ahmed@test.com
2026-10-04 00:25:20.412 +03:00 [INF] Executed DbCommand (0ms) [Parameters=[@__userId_0='?' (DbType = Guid)], CommandType='"Text"', CommandTimeout='30']
SELECT "a0"."Name"
FROM "AspNetUserRoles" AS "a"
INNER JOIN "AspNetRoles" AS "a0" ON "a"."RoleId" = "a0"."Id"
WHERE "a"."UserId" = @__userId_0
2026-10-04 00:25:20.421 +03:00 [INF] Executed DbCommand (5ms) [Parameters=[@p0='?' (DbType = Guid), @p1='?' (DbType = DateTime), @p2='?' (DbType = DateTime), @p3='?', @p4='?' (DbType = DateTime), @p5='?' (Size = 88), @p6='?' (DbType = Guid)], CommandType='"Text"', CommandTimeout='30']
INSERT INTO "RefreshTokens" ("Id", "CreatedAt", "ExpiresAt", "ReplacedByToken", "RevokedAt", "Token", "UserId")
VALUES (@p0, @p1, @p2, @p3, @p4, @p5, @p6);
2026-10-04 00:25:20.426 +03:00 [INF] Executed DbCommand (0ms) [Parameters=[@__userId_0='?' (DbType = Guid)], CommandType='"Text"', CommandTimeout='30']
SELECT "a0"."Name"
FROM "AspNetUserRoles" AS "a"
INNER JOIN "AspNetRoles" AS "a0" ON "a"."RoleId" = "a0"."Id"
WHERE "a"."UserId" = @__userId_0
2026-10-04 00:25:20.429 +03:00 [INF] Executing OkObjectResult, writing value of type 'Library.Application.Common.ApiResponse`1[[Library.Application.DTOs.Auth.AuthResponse, Library.Application, Version=1.0.0.0, Culture=neutral, PublicKeyToken=null]]'.
2026-10-04 00:25:20.431 +03:00 [INF] Executed action Library.API.Controllers.AuthController.Login (Library.API) in 166.6126ms
2026-10-04 00:25:20.432 +03:00 [INF] Executed endpoint 'Library.API.Controllers.AuthController.Login (Library.API)'
2026-10-04 00:25:20.433 +03:00 [INF] Request finished HTTP/1.1 POST http://localhost:5199/api/auth/login - 200 null application/json; charset=utf-8 205.3607ms
2026-10-04 00:27:23.390 +03:00 [INF] Request starting HTTP/1.1 POST http://localhost:5199/api/auth/login - application/json 65
2026-10-04 00:27:23.394 +03:00 [INF] CORS policy execution failed.
2026-10-04 00:27:23.395 +03:00 [INF] Request origin http://localhost:5199 does not have permission to access the resource.
2026-10-04 00:27:23.397 +03:00 [INF] Executing endpoint 'Library.API.Controllers.AuthController.Login (Library.API)'
2026-10-04 00:27:23.398 +03:00 [INF] Route matched with {action = "Login", controller = "Auth"}. Executing controller action with signature System.Threading.Tasks.Task`1[Microsoft.AspNetCore.Mvc.ActionResult`1[Library.Application.Common.ApiResponse`1[Library.Application.DTOs.Auth.AuthResponse]]] Login(Library.Application.DTOs.Auth.LoginRequest, System.Threading.CancellationToken) on controller Library.API.Controllers.AuthController (Library.API).
2026-10-04 00:27:23.423 +03:00 [INF] Executed DbCommand (0ms) [Parameters=[@__normalizedEmail_0='?' (Size = 14)], CommandType='"Text"', CommandTimeout='30']
SELECT "a"."Id", "a"."AccessFailedCount", "a"."ConcurrencyStamp", "a"."CreatedAt", "a"."Email", "a"."EmailConfirmed", "a"."ExternalProviderId", "a"."FullName", "a"."IsActive", "a"."LockoutEnabled", "a"."LockoutEnd", "a"."NormalizedEmail", "a"."NormalizedUserName", "a"."PasswordHash", "a"."PhoneNumber", "a"."PhoneNumberConfirmed", "a"."ProfileImage", "a"."Provider", "a"."SecurityStamp", "a"."StorageLimit", "a"."StorageUsed", "a"."TwoFactorEnabled", "a"."UpdatedAt", "a"."UserName"
FROM "AspNetUsers" AS "a"
WHERE "a"."NormalizedEmail" = @__normalizedEmail_0
LIMIT 2
2026-10-04 00:27:23.508 +03:00 [INF] Executing UnauthorizedObjectResult, writing value of type 'Library.Application.Common.ApiResponse`1[[System.Object, System.Private.CoreLib, Version=8.0.0.0, Culture=neutral, PublicKeyToken=7cec85d7bea7798e]]'.
2026-10-04 00:27:23.511 +03:00 [INF] Executed action Library.API.Controllers.AuthController.Login (Library.API) in 110.3198ms
2026-10-04 00:27:23.513 +03:00 [INF] Executed endpoint 'Library.API.Controllers.AuthController.Login (Library.API)'
2026-10-04 00:27:23.515 +03:00 [INF] Request finished HTTP/1.1 POST http://localhost:5199/api/auth/login - 401 null application/json; charset=utf-8 124.9754ms
2026-10-04 00:30:46.341 +03:00 [INF] Request starting HTTP/1.1 GET http://localhost:5199/api/users/me - null null
2026-10-04 00:30:46.361 +03:00 [INF] Failed to validate the token.
System.ArgumentException: IDX14102: Unable to decode the header '[PII of type 'Microsoft.IdentityModel.Logging.SecurityArtifact' is hidden. For more details, see https://aka.ms/IdentityModel/PII.]' as Base64Url encoded string.
 ---> System.FormatException: IDX10400: Unable to decode: '[PII of type 'System.String' is hidden. For more details, see https://aka.ms/IdentityModel/PII.]' as Base64url encoded string.
   at Microsoft.IdentityModel.Tokens.Base64UrlEncoder.Decode(ReadOnlySpan`1 strSpan, Span`1 output, Boolean needReplace, Int32 decodedLength)
   at Microsoft.IdentityModel.Tokens.Base64UrlEncoder.Decode(ReadOnlySpan`1 strSpan, Span`1 output)
   at Microsoft.IdentityModel.JsonWebTokens.JsonWebToken.CreateClaimSet(ReadOnlySpan`1 strSpan, Int32 startIndex, Int32 length, Boolean createHeaderClaimSet)
   at Microsoft.IdentityModel.JsonWebTokens.JsonWebToken.ReadToken(ReadOnlyMemory`1 encodedTokenMemory)
   --- End of inner exception stack trace ---
   at Microsoft.IdentityModel.JsonWebTokens.JsonWebToken.ReadToken(ReadOnlyMemory`1 encodedTokenMemory)
   at Microsoft.IdentityModel.JsonWebTokens.JsonWebToken..ctor(String jwtEncodedString)
   at Microsoft.IdentityModel.JsonWebTokens.JsonWebTokenHandler.ReadToken(String token, TokenValidationParameters validationParameters)
2026-10-04 00:30:46.376 +03:00 [INF] Bearer was not authenticated. Failure message: IDX14102: Unable to decode the header '[PII of type 'Microsoft.IdentityModel.Logging.SecurityArtifact' is hidden. For more details, see https://aka.ms/IdentityModel/PII.]' as Base64Url encoded string.
2026-10-04 00:30:46.383 +03:00 [INF] Authorization failed. These requirements were not met:
DenyAnonymousAuthorizationRequirement: Requires an authenticated user.
2026-10-04 00:30:46.391 +03:00 [INF] AuthenticationScheme: Bearer was challenged.
2026-10-04 00:30:46.394 +03:00 [INF] Request finished HTTP/1.1 GET http://localhost:5199/api/users/me - 401 0 null 53.285ms
2026-10-04 00:32:50.037 +03:00 [INF] Request starting HTTP/1.1 POST http://localhost:5199/api/categories - application/json 54
2026-10-04 00:32:50.041 +03:00 [INF] CORS policy execution failed.
2026-10-04 00:32:50.041 +03:00 [INF] Request origin http://localhost:5199 does not have permission to access the resource.
2026-10-04 00:32:50.044 +03:00 [INF] Failed to validate the token.
System.ArgumentException: IDX14102: Unable to decode the header '[PII of type 'Microsoft.IdentityModel.Logging.SecurityArtifact' is hidden. For more details, see https://aka.ms/IdentityModel/PII.]' as Base64Url encoded string.
 ---> System.FormatException: IDX10400: Unable to decode: '[PII of type 'System.String' is hidden. For more details, see https://aka.ms/IdentityModel/PII.]' as Base64url encoded string.
   at Microsoft.IdentityModel.Tokens.Base64UrlEncoder.Decode(ReadOnlySpan`1 strSpan, Span`1 output, Boolean needReplace, Int32 decodedLength)
   at Microsoft.IdentityModel.Tokens.Base64UrlEncoder.Decode(ReadOnlySpan`1 strSpan, Span`1 output)
   at Microsoft.IdentityModel.JsonWebTokens.JsonWebToken.CreateClaimSet(ReadOnlySpan`1 strSpan, Int32 startIndex, Int32 length, Boolean createHeaderClaimSet)
   at Microsoft.IdentityModel.JsonWebTokens.JsonWebToken.ReadToken(ReadOnlyMemory`1 encodedTokenMemory)
   --- End of inner exception stack trace ---
   at Microsoft.IdentityModel.JsonWebTokens.JsonWebToken.ReadToken(ReadOnlyMemory`1 encodedTokenMemory)
   at Microsoft.IdentityModel.JsonWebTokens.JsonWebToken..ctor(String jwtEncodedString)
   at Microsoft.IdentityModel.JsonWebTokens.JsonWebTokenHandler.ReadToken(String token, TokenValidationParameters validationParameters)
2026-10-04 00:32:50.046 +03:00 [INF] Bearer was not authenticated. Failure message: IDX14102: Unable to decode the header '[PII of type 'Microsoft.IdentityModel.Logging.SecurityArtifact' is hidden. For more details, see https://aka.ms/IdentityModel/PII.]' as Base64Url encoded string.
2026-10-04 00:32:50.060 +03:00 [INF] Authorization failed. These requirements were not met:
RolesAuthorizationRequirement:User.IsInRole must be true for one of the following roles: (Admin)
2026-10-04 00:32:50.064 +03:00 [INF] AuthenticationScheme: Bearer was challenged.
2026-10-04 00:32:50.067 +03:00 [INF] Request finished HTTP/1.1 POST http://localhost:5199/api/categories - 401 0 null 29.7305ms
2026-10-04 00:34:20.558 +03:00 [INF] Request starting HTTP/1.1 POST http://localhost:5199/api/auth/login - application/json 65
2026-10-04 00:34:20.563 +03:00 [INF] CORS policy execution failed.
2026-10-04 00:34:20.564 +03:00 [INF] Request origin http://localhost:5199 does not have permission to access the resource.
2026-10-04 00:34:20.565 +03:00 [INF] Failed to validate the token.
System.ArgumentException: IDX14102: Unable to decode the header '[PII of type 'Microsoft.IdentityModel.Logging.SecurityArtifact' is hidden. For more details, see https://aka.ms/IdentityModel/PII.]' as Base64Url encoded string.
 ---> System.FormatException: IDX10400: Unable to decode: '[PII of type 'System.String' is hidden. For more details, see https://aka.ms/IdentityModel/PII.]' as Base64url encoded string.
   at Microsoft.IdentityModel.Tokens.Base64UrlEncoder.Decode(ReadOnlySpan`1 strSpan, Span`1 output, Boolean needReplace, Int32 decodedLength)
   at Microsoft.IdentityModel.Tokens.Base64UrlEncoder.Decode(ReadOnlySpan`1 strSpan, Span`1 output)
   at Microsoft.IdentityModel.JsonWebTokens.JsonWebToken.CreateClaimSet(ReadOnlySpan`1 strSpan, Int32 startIndex, Int32 length, Boolean createHeaderClaimSet)
   at Microsoft.IdentityModel.JsonWebTokens.JsonWebToken.ReadToken(ReadOnlyMemory`1 encodedTokenMemory)
   --- End of inner exception stack trace ---
   at Microsoft.IdentityModel.JsonWebTokens.JsonWebToken.ReadToken(ReadOnlyMemory`1 encodedTokenMemory)
   at Microsoft.IdentityModel.JsonWebTokens.JsonWebToken..ctor(String jwtEncodedString)
   at Microsoft.IdentityModel.JsonWebTokens.JsonWebTokenHandler.ReadToken(String token, TokenValidationParameters validationParameters)
2026-10-04 00:34:20.567 +03:00 [INF] Bearer was not authenticated. Failure message: IDX14102: Unable to decode the header '[PII of type 'Microsoft.IdentityModel.Logging.SecurityArtifact' is hidden. For more details, see https://aka.ms/IdentityModel/PII.]' as Base64Url encoded string.
2026-10-04 00:34:20.569 +03:00 [INF] Executing endpoint 'Library.API.Controllers.AuthController.Login (Library.API)'
2026-10-04 00:34:20.581 +03:00 [INF] Route matched with {action = "Login", controller = "Auth"}. Executing controller action with signature System.Threading.Tasks.Task`1[Microsoft.AspNetCore.Mvc.ActionResult`1[Library.Application.Common.ApiResponse`1[Library.Application.DTOs.Auth.AuthResponse]]] Login(Library.Application.DTOs.Auth.LoginRequest, System.Threading.CancellationToken) on controller Library.API.Controllers.AuthController (Library.API).
2026-10-04 00:34:20.595 +03:00 [INF] Executed DbCommand (2ms) [Parameters=[@__normalizedEmail_0='?' (Size = 19)], CommandType='"Text"', CommandTimeout='30']
SELECT "a"."Id", "a"."AccessFailedCount", "a"."ConcurrencyStamp", "a"."CreatedAt", "a"."Email", "a"."EmailConfirmed", "a"."ExternalProviderId", "a"."FullName", "a"."IsActive", "a"."LockoutEnabled", "a"."LockoutEnd", "a"."NormalizedEmail", "a"."NormalizedUserName", "a"."PasswordHash", "a"."PhoneNumber", "a"."PhoneNumberConfirmed", "a"."ProfileImage", "a"."Provider", "a"."SecurityStamp", "a"."StorageLimit", "a"."StorageUsed", "a"."TwoFactorEnabled", "a"."UpdatedAt", "a"."UserName"
FROM "AspNetUsers" AS "a"
WHERE "a"."NormalizedEmail" = @__normalizedEmail_0
LIMIT 2
2026-10-04 00:34:20.676 +03:00 [INF] User login: admin@library.local
2026-10-04 00:34:20.679 +03:00 [INF] Executed DbCommand (0ms) [Parameters=[@__userId_0='?' (DbType = Guid)], CommandType='"Text"', CommandTimeout='30']
SELECT "a0"."Name"
FROM "AspNetUserRoles" AS "a"
INNER JOIN "AspNetRoles" AS "a0" ON "a"."RoleId" = "a0"."Id"
WHERE "a"."UserId" = @__userId_0
2026-10-04 00:34:20.698 +03:00 [INF] Executed DbCommand (15ms) [Parameters=[@p0='?' (DbType = Guid), @p1='?' (DbType = DateTime), @p2='?' (DbType = DateTime), @p3='?', @p4='?' (DbType = DateTime), @p5='?' (Size = 88), @p6='?' (DbType = Guid)], CommandType='"Text"', CommandTimeout='30']
INSERT INTO "RefreshTokens" ("Id", "CreatedAt", "ExpiresAt", "ReplacedByToken", "RevokedAt", "Token", "UserId")
VALUES (@p0, @p1, @p2, @p3, @p4, @p5, @p6);
2026-10-04 00:34:20.702 +03:00 [INF] Executed DbCommand (0ms) [Parameters=[@__userId_0='?' (DbType = Guid)], CommandType='"Text"', CommandTimeout='30']
SELECT "a0"."Name"
FROM "AspNetUserRoles" AS "a"
INNER JOIN "AspNetRoles" AS "a0" ON "a"."RoleId" = "a0"."Id"
WHERE "a"."UserId" = @__userId_0
2026-10-04 00:34:20.704 +03:00 [INF] Executing OkObjectResult, writing value of type 'Library.Application.Common.ApiResponse`1[[Library.Application.DTOs.Auth.AuthResponse, Library.Application, Version=1.0.0.0, Culture=neutral, PublicKeyToken=null]]'.
2026-10-04 00:34:20.706 +03:00 [INF] Executed action Library.API.Controllers.AuthController.Login (Library.API) in 120.1707ms
2026-10-04 00:34:20.707 +03:00 [INF] Executed endpoint 'Library.API.Controllers.AuthController.Login (Library.API)'
2026-10-04 00:34:20.708 +03:00 [INF] Request finished HTTP/1.1 POST http://localhost:5199/api/auth/login - 200 null application/json; charset=utf-8 149.4773ms
2026-10-04 00:36:05.194 +03:00 [INF] Request starting HTTP/1.1 POST http://localhost:5199/api/categories - application/json 66
2026-10-04 00:36:05.198 +03:00 [INF] CORS policy execution failed.
2026-10-04 00:36:05.199 +03:00 [INF] Request origin http://localhost:5199 does not have permission to access the resource.
2026-10-04 00:36:05.200 +03:00 [INF] Failed to validate the token.
System.ArgumentException: IDX14102: Unable to decode the header '[PII of type 'Microsoft.IdentityModel.Logging.SecurityArtifact' is hidden. For more details, see https://aka.ms/IdentityModel/PII.]' as Base64Url encoded string.
 ---> System.FormatException: IDX10400: Unable to decode: '[PII of type 'System.String' is hidden. For more details, see https://aka.ms/IdentityModel/PII.]' as Base64url encoded string.
   at Microsoft.IdentityModel.Tokens.Base64UrlEncoder.Decode(ReadOnlySpan`1 strSpan, Span`1 output, Boolean needReplace, Int32 decodedLength)
   at Microsoft.IdentityModel.Tokens.Base64UrlEncoder.Decode(ReadOnlySpan`1 strSpan, Span`1 output)
   at Microsoft.IdentityModel.JsonWebTokens.JsonWebToken.CreateClaimSet(ReadOnlySpan`1 strSpan, Int32 startIndex, Int32 length, Boolean createHeaderClaimSet)
   at Microsoft.IdentityModel.JsonWebTokens.JsonWebToken.ReadToken(ReadOnlyMemory`1 encodedTokenMemory)
   --- End of inner exception stack trace ---
   at Microsoft.IdentityModel.JsonWebTokens.JsonWebToken.ReadToken(ReadOnlyMemory`1 encodedTokenMemory)
   at Microsoft.IdentityModel.JsonWebTokens.JsonWebToken..ctor(String jwtEncodedString)
   at Microsoft.IdentityModel.JsonWebTokens.JsonWebTokenHandler.ReadToken(String token, TokenValidationParameters validationParameters)
2026-10-04 00:36:05.204 +03:00 [INF] Bearer was not authenticated. Failure message: IDX14102: Unable to decode the header '[PII of type 'Microsoft.IdentityModel.Logging.SecurityArtifact' is hidden. For more details, see https://aka.ms/IdentityModel/PII.]' as Base64Url encoded string.
2026-10-04 00:36:05.207 +03:00 [INF] Authorization failed. These requirements were not met:
RolesAuthorizationRequirement:User.IsInRole must be true for one of the following roles: (Admin)
2026-10-04 00:36:05.208 +03:00 [INF] AuthenticationScheme: Bearer was challenged.
2026-10-04 00:36:05.223 +03:00 [INF] Request finished HTTP/1.1 POST http://localhost:5199/api/categories - 401 0 null 28.205ms
